| PtrTypesAliasSelected.cpp:27:32:27:33 | s1 | There exists an alias for `shared_ptr<TypeC>`, most likely being`TypeCPtr`, but is currently declared as `shared_ptr<TypeC>` |
| PtrTypesAliasSelected.cpp:28:32:28:33 | s2 | There exists an alias for `shared_ptr<TypeB>`, most likely being`TypeBPtr`, but is currently declared as `shared_ptr<TypeB>` |
| PtrTypesAliasSelected.cpp:31:28:31:29 | s3 | There exists an alias for `shared_ptr<TypeB>`, most likely being`TypeBPtr`, but is currently declared as `shared_ptr<TypeB>` |
